[11, 3] => Backstage passes to a TAFKAL80ETC concert, 10, 4 
