[10, 3] => Backstage passes to a TAFKAL80ETC concert, 9, 5 
[10, 48] => Backstage passes to a TAFKAL80ETC concert, 9, 50 
[10, 49] => Backstage passes to a TAFKAL80ETC concert, 9, 50 
[9, 3] => Backstage passes to a TAFKAL80ETC concert, 8, 5 
[9, 48] => Backstage passes to a TAFKAL80ETC concert, 8, 50 
[9, 49] => Backstage passes to a TAFKAL80ETC concert, 8, 50 
[8, 3] => Backstage passes to a TAFKAL80ETC concert, 7, 5 
[8, 48] => Backstage passes to a TAFKAL80ETC concert, 7, 50 
[8, 49] => Backstage passes to a TAFKAL80ETC concert, 7, 50 
[7, 3] => Backstage passes to a TAFKAL80ETC concert, 6, 5 
[7, 48] => Backstage passes to a TAFKAL80ETC concert, 6, 50 
[7, 49] => Backstage passes to a TAFKAL80ETC concert, 6, 50 
[6, 3] => Backstage passes to a TAFKAL80ETC concert, 5, 5 
[6, 48] => Backstage passes to a TAFKAL80ETC concert, 5, 50 
[6, 49] => Backstage passes to a TAFKAL80ETC concert, 5, 50 
